// Jest Snapshot v1, https://goo.gl/fbAQLP

exports[`Filter renders correctly 1`] = `
<Space
  className="filter"
  wrap={true}
>
  <Dropdown
    overlay={
      <Menu>
        <Unknown
          icon={false}
          onClick={[Function]}
        >
          Strong Copyleft
        </Unknown>
        <Unknown
          icon={false}
          onClick={[Function]}
        >
          Weak Copyleft
        </Unknown>
        <Unknown
          icon={false}
          onClick={[Function]}
        >
          Permissive
        </Unknown>
      </Menu>
    }
    trigger={
      Array [
        "click",
      ]
    }
  >
    <Button>
      License 
      <DownOutlined />
    </Button>
  </Dropdown>
  <Select
    filterOption={[Function]}
    onChange={[Function]}
    optionFilterProp="children"
    placeholder="Organization"
    showSearch={true}
    style={
      Object {
        "width": 240,
      }
    }
  />
</Space>
`;
