// Jest Snapshot v1, https://goo.gl/fbAQLP

exports[`Footer renders correctly 1`] = `
<Footer
  style={
    Object {
      "paddingLeft": "1rem",
      "paddingRight": "1rem",
    }
  }
>
  <Row
    align="middle"
  >
    <Text
      style={
        Object {
          "paddingRight": "1rem",
        }
      }
    >
      Â© OPEN!NEXT
    </Text>
    <a
      href="https://opennext.eu/"
      rel="noreferrer"
      target="_blank"
    >
      <Text>
        Imprint
      </Text>
    </a>
    <a
      href="https://opennext.eu/"
      rel="noreferrer"
      target="_blank"
    >
      <Text>
        Legal Disclaimer
      </Text>
    </a>
    <a
      href="/issue"
      rel="noreferrer"
      target="_blank"
    >
      <Text>
        Submit an issue
      </Text>
    </a>
  </Row>
</Footer>
`;
