// Jest Snapshot v1, https://goo.gl/fbAQLP

exports[`SEO renders the test correctly 1`] = `
<HelmetWrapper
  defer={true}
  encodeSpecialCharacters={true}
  htmlAttributes={
    Object {
      "lang": undefined,
    }
  }
  meta={
    Array [
      Object {
        "content": "We are aiming to build the (real) Internet of Things – the Internet of Open Hardware.",
        "name": "description",
      },
      Object {
        "content": "All posts",
        "property": "og:title",
      },
      Object {
        "content": "We are aiming to build the (real) Internet of Things – the Internet of Open Hardware.",
        "property": "og:description",
      },
      Object {
        "content": "website",
        "property": "og:type",
      },
      Object {
        "content": "summary",
        "name": "twitter:card",
      },
      Object {
        "content": "OPEN-NEXT",
        "name": "twitter:creator",
      },
      Object {
        "content": "All posts",
        "name": "twitter:title",
      },
      Object {
        "content": "We are aiming to build the (real) Internet of Things – the Internet of Open Hardware.",
        "name": "twitter:description",
      },
    ]
  }
  title="All posts"
  titleTemplate="%s | Library of Open Source Hardware"
/>
`;
